[0.014s] Invoking command in '/home/dmitry/Documents/lab_first_sem/ws_supervised/build/control_launch': CMAKE_PREFIX_PATH=${CMAKE_PREFIX_PATH}:/opt/ros/humble /usr/bin/cmake /home/dmitry/Documents/lab_first_sem/ws_supervised/src/control_launch -G CodeBlocks - Unix Makefiles -DCMAKE_BUILD_TYPE=Debug -DCMAKE_INSTALL_PREFIX=/home/dmitry/Documents/lab_first_sem/ws_supervised/install/control_launch
[0.129s] -- The C compiler identification is GNU 11.4.0
[0.204s] -- The CXX compiler identification is GNU 11.4.0
[0.235s] -- Detecting C compiler ABI info
[0.295s] -- Detecting C compiler ABI info - done
[0.300s] -- Check for working C compiler: /usr/bin/cc - skipped
[0.300s] -- Detecting C compile features
[0.300s] -- Detecting C compile features - done
[0.302s] -- Detecting CXX compiler ABI info
[0.362s] -- Detecting CXX compiler ABI info - done
[0.371s] -- Check for working CXX compiler: /usr/bin/c++ - skipped
[0.371s] -- Detecting CXX compile features
[0.371s] -- Detecting CXX compile features - done
[0.374s] -- Found ament_cmake: 1.3.13 (/opt/ros/humble/share/ament_cmake/cmake)
[0.636s] -- Found Python3: /usr/bin/python3 (found version "3.10.12") found components: Interpreter 
[0.705s] -- Found ament_lint_auto: 0.12.15 (/opt/ros/humble/share/ament_lint_auto/cmake)
[0.758s] -- Added test 'flake8' to check Python code syntax and style conventions
[0.759s] -- Added test 'lint_cmake' to check CMake code style
[0.759s] -- Added test 'pep257' to check Python code against some of the docstring style conventions in PEP 257
[0.760s] -- Added test 'xmllint' to check XML markup files
[0.761s] -- Configuring done
[0.764s] -- Generating done
[0.765s] -- Build files have been written to: /home/dmitry/Documents/lab_first_sem/ws_supervised/build/control_launch
[0.768s] Invoked command in '/home/dmitry/Documents/lab_first_sem/ws_supervised/build/control_launch' returned '0': CMAKE_PREFIX_PATH=${CMAKE_PREFIX_PATH}:/opt/ros/humble /usr/bin/cmake /home/dmitry/Documents/lab_first_sem/ws_supervised/src/control_launch -G CodeBlocks - Unix Makefiles -DCMAKE_BUILD_TYPE=Debug -DCMAKE_INSTALL_PREFIX=/home/dmitry/Documents/lab_first_sem/ws_supervised/install/control_launch
[0.769s] Invoking command in '/home/dmitry/Documents/lab_first_sem/ws_supervised/build/control_launch': CMAKE_PREFIX_PATH=${CMAKE_PREFIX_PATH}:/opt/ros/humble /usr/bin/cmake --build /home/dmitry/Documents/lab_first_sem/ws_supervised/build/control_launch -- -j16 -l16
[0.800s] Invoked command in '/home/dmitry/Documents/lab_first_sem/ws_supervised/build/control_launch' returned '0': CMAKE_PREFIX_PATH=${CMAKE_PREFIX_PATH}:/opt/ros/humble /usr/bin/cmake --build /home/dmitry/Documents/lab_first_sem/ws_supervised/build/control_launch -- -j16 -l16
[0.808s] Invoking command in '/home/dmitry/Documents/lab_first_sem/ws_supervised/build/control_launch': CMAKE_PREFIX_PATH=${CMAKE_PREFIX_PATH}:/opt/ros/humble /usr/bin/cmake --install /home/dmitry/Documents/lab_first_sem/ws_supervised/build/control_launch
[0.812s] -- Install configuration: "Debug"
[0.812s] -- Up-to-date: /home/dmitry/Documents/lab_first_sem/ws_supervised/install/control_launch/share/control_launch/launch
[0.813s] -- Up-to-date: /home/dmitry/Documents/lab_first_sem/ws_supervised/install/control_launch/share/control_launch/launch/control_turtle_launch.py
[0.813s] -- Installing: /home/dmitry/Documents/lab_first_sem/ws_supervised/install/control_launch/share/ament_index/resource_index/package_run_dependencies/control_launch
[0.813s] -- Installing: /home/dmitry/Documents/lab_first_sem/ws_supervised/install/control_launch/share/ament_index/resource_index/parent_prefix_path/control_launch
[0.813s] -- Installing: /home/dmitry/Documents/lab_first_sem/ws_supervised/install/control_launch/share/control_launch/environment/ament_prefix_path.sh
[0.813s] -- Installing: /home/dmitry/Documents/lab_first_sem/ws_supervised/install/control_launch/share/control_launch/environment/ament_prefix_path.dsv
[0.813s] -- Installing: /home/dmitry/Documents/lab_first_sem/ws_supervised/install/control_launch/share/control_launch/environment/path.sh
[0.813s] -- Installing: /home/dmitry/Documents/lab_first_sem/ws_supervised/install/control_launch/share/control_launch/environment/path.dsv
[0.813s] -- Installing: /home/dmitry/Documents/lab_first_sem/ws_supervised/install/control_launch/share/control_launch/local_setup.bash
[0.813s] -- Installing: /home/dmitry/Documents/lab_first_sem/ws_supervised/install/control_launch/share/control_launch/local_setup.sh
[0.813s] -- Installing: /home/dmitry/Documents/lab_first_sem/ws_supervised/install/control_launch/share/control_launch/local_setup.zsh
[0.813s] -- Installing: /home/dmitry/Documents/lab_first_sem/ws_supervised/install/control_launch/share/control_launch/local_setup.dsv
[0.813s] -- Installing: /home/dmitry/Documents/lab_first_sem/ws_supervised/install/control_launch/share/control_launch/package.dsv
[0.814s] -- Installing: /home/dmitry/Documents/lab_first_sem/ws_supervised/install/control_launch/share/ament_index/resource_index/packages/control_launch
[0.814s] -- Installing: /home/dmitry/Documents/lab_first_sem/ws_supervised/install/control_launch/share/control_launch/cmake/control_launchConfig.cmake
[0.814s] -- Installing: /home/dmitry/Documents/lab_first_sem/ws_supervised/install/control_launch/share/control_launch/cmake/control_launchConfig-version.cmake
[0.814s] -- Up-to-date: /home/dmitry/Documents/lab_first_sem/ws_supervised/install/control_launch/share/control_launch/package.xml
[0.814s] Invoked command in '/home/dmitry/Documents/lab_first_sem/ws_supervised/build/control_launch' returned '0': CMAKE_PREFIX_PATH=${CMAKE_PREFIX_PATH}:/opt/ros/humble /usr/bin/cmake --install /home/dmitry/Documents/lab_first_sem/ws_supervised/build/control_launch
