-- The C compiler identification is GNU 11.4.0
-- The CXX compiler identification is GNU 11.4.0
-- Detecting C compiler ABI info
-- Detecting C compiler ABI info - done
-- Check for working C compiler: /usr/bin/cc - skipped
-- Detecting C compile features
-- Detecting C compile features - done
-- Detecting CXX compiler ABI info
-- Detecting CXX compiler ABI info - done
-- Check for working CXX compiler: /usr/bin/c++ - skipped
-- Detecting CXX compile features
-- Detecting CXX compile features - done
-- Found ament_cmake: 1.3.13 (/opt/ros/humble/share/ament_cmake/cmake)
-- Found Python3: /usr/bin/python3 (found version "3.10.12") found components: Interpreter 
-- Found rclcpp: 16.0.19 (/opt/ros/humble/share/rclcpp/cmake)
-- Found rosidl_generator_c: 3.1.8 (/opt/ros/humble/share/rosidl_generator_c/cmake)
-- Found rosidl_adapter: 3.1.8 (/opt/ros/humble/share/rosidl_adapter/cmake)
-- Found rosidl_generator_cpp: 3.1.8 (/opt/ros/humble/share/rosidl_generator_cpp/cmake)
-- Using all available rosidl_typesupport_c: rosidl_typesupport_fastrtps_c;rosidl_typesupport_introspection_c
-- Using all available rosidl_typesupport_cpp: rosidl_typesupport_fastrtps_cpp;rosidl_typesupport_introspection_cpp
-- Found rmw_implementation_cmake: 6.1.2 (/opt/ros/humble/share/rmw_implementation_cmake/cmake)
-- Found rmw_fastrtps_cpp: 6.2.10 (/opt/ros/humble/share/rmw_fastrtps_cpp/cmake)
-- Found OpenSSL: /usr/lib/x86_64-linux-gnu/libcrypto.so (found version "3.0.2")  
-- Found FastRTPS: /opt/ros/humble/include  
-- Using RMW implementation 'rmw_fastrtps_cpp' as default
-- Looking for pthread.h
-- Looking for pthread.h - found
-- Performing Test CMAKE_HAVE_LIBC_PTHREAD
-- Performing Test CMAKE_HAVE_LIBC_PTHREAD - Success
-- Found Threads: TRUE  
-- Found std_srvs: 4.9.1 (/opt/ros/humble/share/std_srvs/cmake)
-- Found turtlesim: 1.4.3 (/opt/ros/humble/share/turtlesim/cmake)
-- Found rclcpp_action: 16.0.18 (/opt/ros/humble/share/rclcpp_action/cmake)
-- Found move_to_point_action: 0.0.0 (/home/dmitry/Documents/lab_first_sem/ws_supervised/install/move_to_point_action/share/move_to_point_action/cmake)
-- Found ament_lint_auto: 0.12.15 (/opt/ros/humble/share/ament_lint_auto/cmake)
-- Added test 'cppcheck' to perform static code analysis on C / C++ code
-- Configured cppcheck include dirs: /home/dmitry/Documents/lab_first_sem/ws_supervised/src/gui_control/include
-- Configured cppcheck exclude dirs and/or files: 
-- Added test 'lint_cmake' to check CMake code style
-- Added test 'uncrustify' to check C / C++ code style
-- Configured uncrustify additional arguments: 
-- Added test 'xmllint' to check XML markup files
-- Configuring done
-- Generating done
-- Build files have been written to: /home/dmitry/Documents/lab_first_sem/ws_supervised/build/gui_control
[ 20%] Automatic MOC and UIC for target gui_control
[ 20%] Built target gui_control_autogen
[ 40%] Building CXX object CMakeFiles/gui_control.dir/src/gui_control.cpp.o
[ 60%] Building CXX object CMakeFiles/gui_control.dir/gui_control_autogen/mocs_compilation.cpp.o
[ 80%] Building CXX object CMakeFiles/gui_control.dir/src/mainwindow.cpp.o
In file included from /home/dmitry/Documents/lab_first_sem/ws_supervised/src/gui_control/src/mainwindow.cpp:1:
/home/dmitry/Documents/lab_first_sem/ws_supervised/src/gui_control/include/mainwindow.h: In constructor ‘MainWindow::MainWindow(rclcpp::Node::SharedPtr, QWidget*)’:
/home/dmitry/Documents/lab_first_sem/ws_supervised/src/gui_control/include/mainwindow.h:74:19: warning: ‘MainWindow::current_state_petri’ will be initialized after [-Wreorder]
   74 |     PetriNetState current_state_petri;
      |                   ^~~~~~~~~~~~~~~~~~~
/home/dmitry/Documents/lab_first_sem/ws_supervised/src/gui_control/include/mainwindow.h:67:10: warning:   ‘bool MainWindow::path_ready’ [-Wreorder]
   67 |     bool path_ready;
      |          ^~~~~~~~~~
/home/dmitry/Documents/lab_first_sem/ws_supervised/src/gui_control/src/mainwindow.cpp:6:1: warning:   when initialized here [-Wreorder]
    6 | MainWindow::MainWindow(rclcpp::Node::SharedPtr n, QWidget *parent):
      | ^~~~~~~~~~
/home/dmitry/Documents/lab_first_sem/ws_supervised/src/gui_control/src/mainwindow.cpp: In member function ‘void MainWindow::on_comboBox_chooseMethod_currentIndexChanged(int)’:
/home/dmitry/Documents/lab_first_sem/ws_supervised/src/gui_control/src/mainwindow.cpp:454:67: warning: unused parameter ‘index’ [-Wunused-parameter]
  454 | void MainWindow::on_comboBox_chooseMethod_currentIndexChanged(int index)
      |                                                               ~~~~^~~~~
[100%] Linking CXX executable gui_control
[100%] Built target gui_control
-- Install configuration: "Debug"
-- Installing: /home/dmitry/Documents/lab_first_sem/ws_supervised/install/gui_control/lib/gui_control/gui_control
-- Set runtime path of "/home/dmitry/Documents/lab_first_sem/ws_supervised/install/gui_control/lib/gui_control/gui_control" to ""
-- Installing: /home/dmitry/Documents/lab_first_sem/ws_supervised/install/gui_control/share/ament_index/resource_index/package_run_dependencies/gui_control
-- Installing: /home/dmitry/Documents/lab_first_sem/ws_supervised/install/gui_control/share/ament_index/resource_index/parent_prefix_path/gui_control
-- Installing: /home/dmitry/Documents/lab_first_sem/ws_supervised/install/gui_control/share/gui_control/environment/ament_prefix_path.sh
-- Installing: /home/dmitry/Documents/lab_first_sem/ws_supervised/install/gui_control/share/gui_control/environment/ament_prefix_path.dsv
-- Installing: /home/dmitry/Documents/lab_first_sem/ws_supervised/install/gui_control/share/gui_control/environment/path.sh
-- Installing: /home/dmitry/Documents/lab_first_sem/ws_supervised/install/gui_control/share/gui_control/environment/path.dsv
-- Installing: /home/dmitry/Documents/lab_first_sem/ws_supervised/install/gui_control/share/gui_control/local_setup.bash
-- Installing: /home/dmitry/Documents/lab_first_sem/ws_supervised/install/gui_control/share/gui_control/local_setup.sh
-- Installing: /home/dmitry/Documents/lab_first_sem/ws_supervised/install/gui_control/share/gui_control/local_setup.zsh
-- Installing: /home/dmitry/Documents/lab_first_sem/ws_supervised/install/gui_control/share/gui_control/local_setup.dsv
-- Installing: /home/dmitry/Documents/lab_first_sem/ws_supervised/install/gui_control/share/gui_control/package.dsv
-- Installing: /home/dmitry/Documents/lab_first_sem/ws_supervised/install/gui_control/share/ament_index/resource_index/packages/gui_control
-- Installing: /home/dmitry/Documents/lab_first_sem/ws_supervised/install/gui_control/share/gui_control/cmake/gui_controlConfig.cmake
-- Installing: /home/dmitry/Documents/lab_first_sem/ws_supervised/install/gui_control/share/gui_control/cmake/gui_controlConfig-version.cmake
-- Up-to-date: /home/dmitry/Documents/lab_first_sem/ws_supervised/install/gui_control/share/gui_control/package.xml
