[0.010s] Invoking command in '/home/dmitry/Documents/lab_first_sem/ws_supervised/build/gui_control': CMAKE_PREFIX_PATH=${CMAKE_PREFIX_PATH}:/opt/ros/humble /usr/bin/cmake /home/dmitry/Documents/lab_first_sem/ws_supervised/src/gui_control -G CodeBlocks - Unix Makefiles -DCMAKE_BUILD_TYPE=Debug -DCMAKE_INSTALL_PREFIX=/home/dmitry/Documents/lab_first_sem/ws_supervised/install/gui_control
[0.123s] -- The C compiler identification is GNU 11.4.0
[0.190s] -- The CXX compiler identification is GNU 11.4.0
[0.230s] -- Detecting C compiler ABI info
[0.282s] -- Detecting C compiler ABI info - done
[0.286s] -- Check for working C compiler: /usr/bin/cc - skipped
[0.286s] -- Detecting C compile features
[0.286s] -- Detecting C compile features - done
[0.289s] -- Detecting CXX compiler ABI info
[0.345s] -- Detecting CXX compiler ABI info - done
[0.351s] -- Check for working CXX compiler: /usr/bin/c++ - skipped
[0.351s] -- Detecting CXX compile features
[0.351s] -- Detecting CXX compile features - done
[0.355s] -- Found ament_cmake: 1.3.13 (/opt/ros/humble/share/ament_cmake/cmake)
[0.620s] -- Found Python3: /usr/bin/python3 (found version "3.10.12") found components: Interpreter 
[0.701s] -- Found rclcpp: 16.0.19 (/opt/ros/humble/share/rclcpp/cmake)
[0.743s] -- Found rosidl_generator_c: 3.1.8 (/opt/ros/humble/share/rosidl_generator_c/cmake)
[0.747s] -- Found rosidl_adapter: 3.1.8 (/opt/ros/humble/share/rosidl_adapter/cmake)
[0.752s] -- Found rosidl_generator_cpp: 3.1.8 (/opt/ros/humble/share/rosidl_generator_cpp/cmake)
[0.760s] -- Using all available rosidl_typesupport_c: rosidl_typesupport_fastrtps_c;rosidl_typesupport_introspection_c
[0.770s] -- Using all available rosidl_typesupport_cpp: rosidl_typesupport_fastrtps_cpp;rosidl_typesupport_introspection_cpp
[0.830s] -- Found rmw_implementation_cmake: 6.1.2 (/opt/ros/humble/share/rmw_implementation_cmake/cmake)
[0.831s] -- Found rmw_fastrtps_cpp: 6.2.10 (/opt/ros/humble/share/rmw_fastrtps_cpp/cmake)
[0.885s] -- Found OpenSSL: /usr/lib/x86_64-linux-gnu/libcrypto.so (found version "3.0.2")  
[0.907s] -- Found FastRTPS: /opt/ros/humble/include  
[0.935s] -- Using RMW implementation 'rmw_fastrtps_cpp' as default
[0.944s] -- Looking for pthread.h
[1.006s] -- Looking for pthread.h - found
[1.006s] -- Performing Test CMAKE_HAVE_LIBC_PTHREAD
[1.065s] -- Performing Test CMAKE_HAVE_LIBC_PTHREAD - Success
[1.066s] -- Found Threads: TRUE  
[1.107s] -- Found std_srvs: 4.9.1 (/opt/ros/humble/share/std_srvs/cmake)
[1.120s] -- Found turtlesim: 1.4.3 (/opt/ros/humble/share/turtlesim/cmake)
[1.146s] -- Found rclcpp_action: 16.0.18 (/opt/ros/humble/share/rclcpp_action/cmake)
[1.151s] -- Found move_to_point_action: 0.0.0 (/home/dmitry/Documents/lab_first_sem/ws_supervised/install/move_to_point_action/share/move_to_point_action/cmake)
[1.186s] -- Found ament_lint_auto: 0.12.15 (/opt/ros/humble/share/ament_lint_auto/cmake)
[1.243s] -- Added test 'cppcheck' to perform static code analysis on C / C++ code
[1.243s] -- Configured cppcheck include dirs: /home/dmitry/Documents/lab_first_sem/ws_supervised/src/gui_control/include
[1.243s] -- Configured cppcheck exclude dirs and/or files: 
[1.243s] -- Added test 'lint_cmake' to check CMake code style
[1.243s] -- Added test 'uncrustify' to check C / C++ code style
[1.244s] -- Configured uncrustify additional arguments: 
[1.244s] -- Added test 'xmllint' to check XML markup files
[1.244s] -- Configuring done
[1.291s] -- Generating done
[1.295s] -- Build files have been written to: /home/dmitry/Documents/lab_first_sem/ws_supervised/build/gui_control
[1.304s] Invoked command in '/home/dmitry/Documents/lab_first_sem/ws_supervised/build/gui_control' returned '0': CMAKE_PREFIX_PATH=${CMAKE_PREFIX_PATH}:/opt/ros/humble /usr/bin/cmake /home/dmitry/Documents/lab_first_sem/ws_supervised/src/gui_control -G CodeBlocks - Unix Makefiles -DCMAKE_BUILD_TYPE=Debug -DCMAKE_INSTALL_PREFIX=/home/dmitry/Documents/lab_first_sem/ws_supervised/install/gui_control
[1.305s] Invoking command in '/home/dmitry/Documents/lab_first_sem/ws_supervised/build/gui_control': CMAKE_PREFIX_PATH=${CMAKE_PREFIX_PATH}:/opt/ros/humble /usr/bin/cmake --build /home/dmitry/Documents/lab_first_sem/ws_supervised/build/gui_control -- -j16 -l16
[1.339s] [ 20%] Automatic MOC and UIC for target gui_control
[1.816s] [ 20%] Built target gui_control_autogen
[1.836s] [ 40%] Building CXX object CMakeFiles/gui_control.dir/src/gui_control.cpp.o
[1.838s] [ 60%] Building CXX object CMakeFiles/gui_control.dir/gui_control_autogen/mocs_compilation.cpp.o
[1.838s] [ 80%] Building CXX object CMakeFiles/gui_control.dir/src/mainwindow.cpp.o
[5.572s] In file included from /home/dmitry/Documents/lab_first_sem/ws_supervised/src/gui_control/src/mainwindow.cpp:1:
[5.572s] /home/dmitry/Documents/lab_first_sem/ws_supervised/src/gui_control/include/mainwindow.h: In constructor ‘MainWindow::MainWindow(rclcpp::Node::SharedPtr, QWidget*)’:
[5.572s] /home/dmitry/Documents/lab_first_sem/ws_supervised/src/gui_control/include/mainwindow.h:74:19: warning: ‘MainWindow::current_state_petri’ will be initialized after [-Wreorder]
[5.572s]    74 |     PetriNetState current_state_petri;
[5.573s]       |                   ^~~~~~~~~~~~~~~~~~~
[5.573s] /home/dmitry/Documents/lab_first_sem/ws_supervised/src/gui_control/include/mainwindow.h:67:10: warning:   ‘bool MainWindow::path_ready’ [-Wreorder]
[5.573s]    67 |     bool path_ready;
[5.573s]       |          ^~~~~~~~~~
[5.573s] /home/dmitry/Documents/lab_first_sem/ws_supervised/src/gui_control/src/mainwindow.cpp:6:1: warning:   when initialized here [-Wreorder]
[5.573s]     6 | MainWindow::MainWindow(rclcpp::Node::SharedPtr n, QWidget *parent):
[5.573s]       | ^~~~~~~~~~
[5.683s] /home/dmitry/Documents/lab_first_sem/ws_supervised/src/gui_control/src/mainwindow.cpp: In member function ‘void MainWindow::on_comboBox_chooseMethod_currentIndexChanged(int)’:
[5.684s] /home/dmitry/Documents/lab_first_sem/ws_supervised/src/gui_control/src/mainwindow.cpp:454:67: warning: unused parameter ‘index’ [-Wunused-parameter]
[5.684s]   454 | void MainWindow::on_comboBox_chooseMethod_currentIndexChanged(int index)
[5.684s]       |                                                               ~~~~^~~~~
[11.185s] [100%] Linking CXX executable gui_control
[11.871s] [100%] Built target gui_control
[11.881s] Invoked command in '/home/dmitry/Documents/lab_first_sem/ws_supervised/build/gui_control' returned '0': CMAKE_PREFIX_PATH=${CMAKE_PREFIX_PATH}:/opt/ros/humble /usr/bin/cmake --build /home/dmitry/Documents/lab_first_sem/ws_supervised/build/gui_control -- -j16 -l16
[11.881s] Invoking command in '/home/dmitry/Documents/lab_first_sem/ws_supervised/build/gui_control': CMAKE_PREFIX_PATH=${CMAKE_PREFIX_PATH}:/opt/ros/humble /usr/bin/cmake --install /home/dmitry/Documents/lab_first_sem/ws_supervised/build/gui_control
[11.886s] -- Install configuration: "Debug"
[11.886s] -- Installing: /home/dmitry/Documents/lab_first_sem/ws_supervised/install/gui_control/lib/gui_control/gui_control
[11.895s] -- Set runtime path of "/home/dmitry/Documents/lab_first_sem/ws_supervised/install/gui_control/lib/gui_control/gui_control" to ""
[11.895s] -- Installing: /home/dmitry/Documents/lab_first_sem/ws_supervised/install/gui_control/share/ament_index/resource_index/package_run_dependencies/gui_control
[11.895s] -- Installing: /home/dmitry/Documents/lab_first_sem/ws_supervised/install/gui_control/share/ament_index/resource_index/parent_prefix_path/gui_control
[11.895s] -- Installing: /home/dmitry/Documents/lab_first_sem/ws_supervised/install/gui_control/share/gui_control/environment/ament_prefix_path.sh
[11.896s] -- Installing: /home/dmitry/Documents/lab_first_sem/ws_supervised/install/gui_control/share/gui_control/environment/ament_prefix_path.dsv
[11.896s] -- Installing: /home/dmitry/Documents/lab_first_sem/ws_supervised/install/gui_control/share/gui_control/environment/path.sh
[11.896s] -- Installing: /home/dmitry/Documents/lab_first_sem/ws_supervised/install/gui_control/share/gui_control/environment/path.dsv
[11.896s] -- Installing: /home/dmitry/Documents/lab_first_sem/ws_supervised/install/gui_control/share/gui_control/local_setup.bash
[11.896s] -- Installing: /home/dmitry/Documents/lab_first_sem/ws_supervised/install/gui_control/share/gui_control/local_setup.sh
[11.896s] -- Installing: /home/dmitry/Documents/lab_first_sem/ws_supervised/install/gui_control/share/gui_control/local_setup.zsh
[11.896s] -- Installing: /home/dmitry/Documents/lab_first_sem/ws_supervised/install/gui_control/share/gui_control/local_setup.dsv
[11.896s] -- Installing: /home/dmitry/Documents/lab_first_sem/ws_supervised/install/gui_control/share/gui_control/package.dsv
[11.896s] -- Installing: /home/dmitry/Documents/lab_first_sem/ws_supervised/install/gui_control/share/ament_index/resource_index/packages/gui_control
[11.896s] -- Installing: /home/dmitry/Documents/lab_first_sem/ws_supervised/install/gui_control/share/gui_control/cmake/gui_controlConfig.cmake
[11.896s] -- Installing: /home/dmitry/Documents/lab_first_sem/ws_supervised/install/gui_control/share/gui_control/cmake/gui_controlConfig-version.cmake
[11.896s] -- Up-to-date: /home/dmitry/Documents/lab_first_sem/ws_supervised/install/gui_control/share/gui_control/package.xml
[11.897s] Invoked command in '/home/dmitry/Documents/lab_first_sem/ws_supervised/build/gui_control' returned '0': CMAKE_PREFIX_PATH=${CMAKE_PREFIX_PATH}:/opt/ros/humble /usr/bin/cmake --install /home/dmitry/Documents/lab_first_sem/ws_supervised/build/gui_control
