-- The C compiler identification is GNU 11.4.0
-- The CXX compiler identification is GNU 11.4.0
-- Detecting C compiler ABI info
-- Detecting C compiler ABI info - done
-- Check for working C compiler: /usr/bin/cc - skipped
-- Detecting C compile features
-- Detecting C compile features - done
-- Detecting CXX compiler ABI info
-- Detecting CXX compiler ABI info - done
-- Check for working CXX compiler: /usr/bin/c++ - skipped
-- Detecting CXX compile features
-- Detecting CXX compile features - done
-- Found ament_cmake: 1.3.13 (/opt/ros/humble/share/ament_cmake/cmake)
-- Found Python3: /usr/bin/python3 (found version "3.10.12") found components: Interpreter 
-- Found rclcpp: 16.0.19 (/opt/ros/humble/share/rclcpp/cmake)
-- Found rosidl_generator_c: 3.1.8 (/opt/ros/humble/share/rosidl_generator_c/cmake)
-- Found rosidl_adapter: 3.1.8 (/opt/ros/humble/share/rosidl_adapter/cmake)
-- Found rosidl_generator_cpp: 3.1.8 (/opt/ros/humble/share/rosidl_generator_cpp/cmake)
-- Using all available rosidl_typesupport_c: rosidl_typesupport_fastrtps_c;rosidl_typesupport_introspection_c
-- Using all available rosidl_typesupport_cpp: rosidl_typesupport_fastrtps_cpp;rosidl_typesupport_introspection_cpp
-- Found rmw_implementation_cmake: 6.1.2 (/opt/ros/humble/share/rmw_implementation_cmake/cmake)
-- Found rmw_fastrtps_cpp: 6.2.10 (/opt/ros/humble/share/rmw_fastrtps_cpp/cmake)
-- Found OpenSSL: /usr/lib/x86_64-linux-gnu/libcrypto.so (found version "3.0.2")  
-- Found FastRTPS: /opt/ros/humble/include  
-- Using RMW implementation 'rmw_fastrtps_cpp' as default
-- Looking for pthread.h
-- Looking for pthread.h - found
-- Performing Test CMAKE_HAVE_LIBC_PTHREAD
-- Performing Test CMAKE_HAVE_LIBC_PTHREAD - Success
-- Found Threads: TRUE  
-- Found rclcpp_action: 16.0.18 (/opt/ros/humble/share/rclcpp_action/cmake)
-- Found turtlesim: 1.4.3 (/opt/ros/humble/share/turtlesim/cmake)
-- Found move_to_point_action: 0.0.0 (/home/dmitry/Documents/lab_first_sem/ws_supervised/install/move_to_point_action/share/move_to_point_action/cmake)
-- Found ament_lint_auto: 0.12.15 (/opt/ros/humble/share/ament_lint_auto/cmake)
-- Added test 'cppcheck' to perform static code analysis on C / C++ code
-- Configured cppcheck include dirs: 
-- Configured cppcheck exclude dirs and/or files: 
-- Added test 'lint_cmake' to check CMake code style
-- Added test 'uncrustify' to check C / C++ code style
-- Configured uncrustify additional arguments: 
-- Added test 'xmllint' to check XML markup files
-- Configuring done
-- Generating done
-- Build files have been written to: /home/dmitry/Documents/lab_first_sem/ws_supervised/build/move_to_point_server
[ 50%] Building CXX object CMakeFiles/move_to_point_server_node.dir/src/move_to_point_server_node.cpp.o
/home/dmitry/Documents/lab_first_sem/ws_supervised/src/move_to_point_server/src/move_to_point_server_node.cpp: In member function ‘rclcpp_action::GoalResponse MoveToPointServer::handle_goal(const GoalUUID&, std::shared_ptr<const move_to_point_action::action::MoveToPoint_Goal_<std::allocator<void> > >)’:
/home/dmitry/Documents/lab_first_sem/ws_supervised/src/move_to_point_server/src/move_to_point_server_node.cpp:74:76: warning: unused parameter ‘uuid’ [-Wunused-parameter]
   74 |     rclcpp_action::GoalResponse handle_goal(const rclcpp_action::GoalUUID &uuid, // Идентификатор
      |                                             ~~~~~~~~~~~~~~~~~~~~~~~~~~~~~~~^~~~
/home/dmitry/Documents/lab_first_sem/ws_supervised/src/move_to_point_server/src/move_to_point_server_node.cpp: In member function ‘rclcpp_action::CancelResponse MoveToPointServer::handle_cancel(std::shared_ptr<rclcpp_action::ServerGoalHandle<move_to_point_action::action::MoveToPoint> >)’:
/home/dmitry/Documents/lab_first_sem/ws_supervised/src/move_to_point_server/src/move_to_point_server_node.cpp:96:54: warning: unused parameter ‘goal_handle’ [-Wunused-parameter]
   96 |         const std::shared_ptr<GoalHandleMoveToPoint> goal_handle)
      |         ~~~~~~~~~~~~~~~~~~~~~~~~~~~~~~~~~~~~~~~~~~~~~^~~~~~~~~~~
[100%] Linking CXX executable move_to_point_server_node
[100%] Built target move_to_point_server_node
-- Install configuration: "Debug"
-- Installing: /home/dmitry/Documents/lab_first_sem/ws_supervised/install/move_to_point_server/lib/move_to_point_server/move_to_point_server_node
-- Set runtime path of "/home/dmitry/Documents/lab_first_sem/ws_supervised/install/move_to_point_server/lib/move_to_point_server/move_to_point_server_node" to ""
-- Installing: /home/dmitry/Documents/lab_first_sem/ws_supervised/install/move_to_point_server/share/ament_index/resource_index/package_run_dependencies/move_to_point_server
-- Installing: /home/dmitry/Documents/lab_first_sem/ws_supervised/install/move_to_point_server/share/ament_index/resource_index/parent_prefix_path/move_to_point_server
-- Installing: /home/dmitry/Documents/lab_first_sem/ws_supervised/install/move_to_point_server/share/move_to_point_server/environment/ament_prefix_path.sh
-- Installing: /home/dmitry/Documents/lab_first_sem/ws_supervised/install/move_to_point_server/share/move_to_point_server/environment/ament_prefix_path.dsv
-- Installing: /home/dmitry/Documents/lab_first_sem/ws_supervised/install/move_to_point_server/share/move_to_point_server/environment/path.sh
-- Installing: /home/dmitry/Documents/lab_first_sem/ws_supervised/install/move_to_point_server/share/move_to_point_server/environment/path.dsv
-- Installing: /home/dmitry/Documents/lab_first_sem/ws_supervised/install/move_to_point_server/share/move_to_point_server/local_setup.bash
-- Installing: /home/dmitry/Documents/lab_first_sem/ws_supervised/install/move_to_point_server/share/move_to_point_server/local_setup.sh
-- Installing: /home/dmitry/Documents/lab_first_sem/ws_supervised/install/move_to_point_server/share/move_to_point_server/local_setup.zsh
-- Installing: /home/dmitry/Documents/lab_first_sem/ws_supervised/install/move_to_point_server/share/move_to_point_server/local_setup.dsv
-- Installing: /home/dmitry/Documents/lab_first_sem/ws_supervised/install/move_to_point_server/share/move_to_point_server/package.dsv
-- Installing: /home/dmitry/Documents/lab_first_sem/ws_supervised/install/move_to_point_server/share/ament_index/resource_index/packages/move_to_point_server
-- Installing: /home/dmitry/Documents/lab_first_sem/ws_supervised/install/move_to_point_server/share/move_to_point_server/cmake/move_to_point_serverConfig.cmake
-- Installing: /home/dmitry/Documents/lab_first_sem/ws_supervised/install/move_to_point_server/share/move_to_point_server/cmake/move_to_point_serverConfig-version.cmake
-- Up-to-date: /home/dmitry/Documents/lab_first_sem/ws_supervised/install/move_to_point_server/share/move_to_point_server/package.xml
