[0.006s] Invoking command in '/home/dmitry/Documents/lab_first_sem/ws_supervised/build/move_to_point_server': CMAKE_PREFIX_PATH=${CMAKE_PREFIX_PATH}:/opt/ros/humble /usr/bin/cmake /home/dmitry/Documents/lab_first_sem/ws_supervised/src/move_to_point_server -G CodeBlocks - Unix Makefiles -DCMAKE_BUILD_TYPE=Debug -DCMAKE_INSTALL_PREFIX=/home/dmitry/Documents/lab_first_sem/ws_supervised/install/move_to_point_server
[0.120s] -- The C compiler identification is GNU 11.4.0
[0.186s] -- The CXX compiler identification is GNU 11.4.0
[0.225s] -- Detecting C compiler ABI info
[0.271s] -- Detecting C compiler ABI info - done
[0.277s] -- Check for working C compiler: /usr/bin/cc - skipped
[0.277s] -- Detecting C compile features
[0.278s] -- Detecting C compile features - done
[0.279s] -- Detecting CXX compiler ABI info
[0.344s] -- Detecting CXX compiler ABI info - done
[0.353s] -- Check for working CXX compiler: /usr/bin/c++ - skipped
[0.353s] -- Detecting CXX compile features
[0.353s] -- Detecting CXX compile features - done
[0.356s] -- Found ament_cmake: 1.3.13 (/opt/ros/humble/share/ament_cmake/cmake)
[0.633s] -- Found Python3: /usr/bin/python3 (found version "3.10.12") found components: Interpreter 
[0.697s] -- Found rclcpp: 16.0.19 (/opt/ros/humble/share/rclcpp/cmake)
[0.739s] -- Found rosidl_generator_c: 3.1.8 (/opt/ros/humble/share/rosidl_generator_c/cmake)
[0.742s] -- Found rosidl_adapter: 3.1.8 (/opt/ros/humble/share/rosidl_adapter/cmake)
[0.748s] -- Found rosidl_generator_cpp: 3.1.8 (/opt/ros/humble/share/rosidl_generator_cpp/cmake)
[0.756s] -- Using all available rosidl_typesupport_c: rosidl_typesupport_fastrtps_c;rosidl_typesupport_introspection_c
[0.766s] -- Using all available rosidl_typesupport_cpp: rosidl_typesupport_fastrtps_cpp;rosidl_typesupport_introspection_cpp
[0.826s] -- Found rmw_implementation_cmake: 6.1.2 (/opt/ros/humble/share/rmw_implementation_cmake/cmake)
[0.826s] -- Found rmw_fastrtps_cpp: 6.2.10 (/opt/ros/humble/share/rmw_fastrtps_cpp/cmake)
[0.881s] -- Found OpenSSL: /usr/lib/x86_64-linux-gnu/libcrypto.so (found version "3.0.2")  
[0.904s] -- Found FastRTPS: /opt/ros/humble/include  
[0.935s] -- Using RMW implementation 'rmw_fastrtps_cpp' as default
[0.940s] -- Looking for pthread.h
[1.006s] -- Looking for pthread.h - found
[1.007s] -- Performing Test CMAKE_HAVE_LIBC_PTHREAD
[1.060s] -- Performing Test CMAKE_HAVE_LIBC_PTHREAD - Success
[1.061s] -- Found Threads: TRUE  
[1.105s] -- Found rclcpp_action: 16.0.18 (/opt/ros/humble/share/rclcpp_action/cmake)
[1.134s] -- Found turtlesim: 1.4.3 (/opt/ros/humble/share/turtlesim/cmake)
[1.142s] -- Found move_to_point_action: 0.0.0 (/home/dmitry/Documents/lab_first_sem/ws_supervised/install/move_to_point_action/share/move_to_point_action/cmake)
[1.161s] -- Found ament_lint_auto: 0.12.15 (/opt/ros/humble/share/ament_lint_auto/cmake)
[1.213s] -- Added test 'cppcheck' to perform static code analysis on C / C++ code
[1.213s] -- Configured cppcheck include dirs: 
[1.213s] -- Configured cppcheck exclude dirs and/or files: 
[1.213s] -- Added test 'lint_cmake' to check CMake code style
[1.214s] -- Added test 'uncrustify' to check C / C++ code style
[1.214s] -- Configured uncrustify additional arguments: 
[1.214s] -- Added test 'xmllint' to check XML markup files
[1.215s] -- Configuring done
[1.228s] -- Generating done
[1.231s] -- Build files have been written to: /home/dmitry/Documents/lab_first_sem/ws_supervised/build/move_to_point_server
[1.237s] Invoked command in '/home/dmitry/Documents/lab_first_sem/ws_supervised/build/move_to_point_server' returned '0': CMAKE_PREFIX_PATH=${CMAKE_PREFIX_PATH}:/opt/ros/humble /usr/bin/cmake /home/dmitry/Documents/lab_first_sem/ws_supervised/src/move_to_point_server -G CodeBlocks - Unix Makefiles -DCMAKE_BUILD_TYPE=Debug -DCMAKE_INSTALL_PREFIX=/home/dmitry/Documents/lab_first_sem/ws_supervised/install/move_to_point_server
[1.238s] Invoking command in '/home/dmitry/Documents/lab_first_sem/ws_supervised/build/move_to_point_server': CMAKE_PREFIX_PATH=${CMAKE_PREFIX_PATH}:/opt/ros/humble /usr/bin/cmake --build /home/dmitry/Documents/lab_first_sem/ws_supervised/build/move_to_point_server -- -j16 -l16
[1.272s] [ 50%] Building CXX object CMakeFiles/move_to_point_server_node.dir/src/move_to_point_server_node.cpp.o
[3.922s] /home/dmitry/Documents/lab_first_sem/ws_supervised/src/move_to_point_server/src/move_to_point_server_node.cpp: In member function ‘rclcpp_action::GoalResponse MoveToPointServer::handle_goal(const GoalUUID&, std::shared_ptr<const move_to_point_action::action::MoveToPoint_Goal_<std::allocator<void> > >)’:
[3.922s] /home/dmitry/Documents/lab_first_sem/ws_supervised/src/move_to_point_server/src/move_to_point_server_node.cpp:74:76: warning: unused parameter ‘uuid’ [-Wunused-parameter]
[3.922s]    74 |     rclcpp_action::GoalResponse handle_goal(const rclcpp_action::GoalUUID &uuid, // Идентификатор
[3.922s]       |                                             ~~~~~~~~~~~~~~~~~~~~~~~~~~~~~~~^~~~
[3.923s] /home/dmitry/Documents/lab_first_sem/ws_supervised/src/move_to_point_server/src/move_to_point_server_node.cpp: In member function ‘rclcpp_action::CancelResponse MoveToPointServer::handle_cancel(std::shared_ptr<rclcpp_action::ServerGoalHandle<move_to_point_action::action::MoveToPoint> >)’:
[3.923s] /home/dmitry/Documents/lab_first_sem/ws_supervised/src/move_to_point_server/src/move_to_point_server_node.cpp:96:54: warning: unused parameter ‘goal_handle’ [-Wunused-parameter]
[3.923s]    96 |         const std::shared_ptr<GoalHandleMoveToPoint> goal_handle)
[3.923s]       |         ~~~~~~~~~~~~~~~~~~~~~~~~~~~~~~~~~~~~~~~~~~~~~^~~~~~~~~~~
[9.374s] [100%] Linking CXX executable move_to_point_server_node
[9.729s] [100%] Built target move_to_point_server_node
[9.737s] Invoked command in '/home/dmitry/Documents/lab_first_sem/ws_supervised/build/move_to_point_server' returned '0': CMAKE_PREFIX_PATH=${CMAKE_PREFIX_PATH}:/opt/ros/humble /usr/bin/cmake --build /home/dmitry/Documents/lab_first_sem/ws_supervised/build/move_to_point_server -- -j16 -l16
[9.738s] Invoking command in '/home/dmitry/Documents/lab_first_sem/ws_supervised/build/move_to_point_server': CMAKE_PREFIX_PATH=${CMAKE_PREFIX_PATH}:/opt/ros/humble /usr/bin/cmake --install /home/dmitry/Documents/lab_first_sem/ws_supervised/build/move_to_point_server
[9.744s] -- Install configuration: "Debug"
[9.745s] -- Installing: /home/dmitry/Documents/lab_first_sem/ws_supervised/install/move_to_point_server/lib/move_to_point_server/move_to_point_server_node
[9.753s] -- Set runtime path of "/home/dmitry/Documents/lab_first_sem/ws_supervised/install/move_to_point_server/lib/move_to_point_server/move_to_point_server_node" to ""
[9.753s] -- Installing: /home/dmitry/Documents/lab_first_sem/ws_supervised/install/move_to_point_server/share/ament_index/resource_index/package_run_dependencies/move_to_point_server
[9.753s] -- Installing: /home/dmitry/Documents/lab_first_sem/ws_supervised/install/move_to_point_server/share/ament_index/resource_index/parent_prefix_path/move_to_point_server
[9.753s] -- Installing: /home/dmitry/Documents/lab_first_sem/ws_supervised/install/move_to_point_server/share/move_to_point_server/environment/ament_prefix_path.sh
[9.754s] -- Installing: /home/dmitry/Documents/lab_first_sem/ws_supervised/install/move_to_point_server/share/move_to_point_server/environment/ament_prefix_path.dsv
[9.754s] -- Installing: /home/dmitry/Documents/lab_first_sem/ws_supervised/install/move_to_point_server/share/move_to_point_server/environment/path.sh
[9.754s] -- Installing: /home/dmitry/Documents/lab_first_sem/ws_supervised/install/move_to_point_server/share/move_to_point_server/environment/path.dsv
[9.754s] -- Installing: /home/dmitry/Documents/lab_first_sem/ws_supervised/install/move_to_point_server/share/move_to_point_server/local_setup.bash
[9.754s] -- Installing: /home/dmitry/Documents/lab_first_sem/ws_supervised/install/move_to_point_server/share/move_to_point_server/local_setup.sh
[9.754s] -- Installing: /home/dmitry/Documents/lab_first_sem/ws_supervised/install/move_to_point_server/share/move_to_point_server/local_setup.zsh
[9.754s] -- Installing: /home/dmitry/Documents/lab_first_sem/ws_supervised/install/move_to_point_server/share/move_to_point_server/local_setup.dsv
[9.754s] -- Installing: /home/dmitry/Documents/lab_first_sem/ws_supervised/install/move_to_point_server/share/move_to_point_server/package.dsv
[9.754s] -- Installing: /home/dmitry/Documents/lab_first_sem/ws_supervised/install/move_to_point_server/share/ament_index/resource_index/packages/move_to_point_server
[9.754s] -- Installing: /home/dmitry/Documents/lab_first_sem/ws_supervised/install/move_to_point_server/share/move_to_point_server/cmake/move_to_point_serverConfig.cmake
[9.754s] -- Installing: /home/dmitry/Documents/lab_first_sem/ws_supervised/install/move_to_point_server/share/move_to_point_server/cmake/move_to_point_serverConfig-version.cmake
[9.755s] -- Up-to-date: /home/dmitry/Documents/lab_first_sem/ws_supervised/install/move_to_point_server/share/move_to_point_server/package.xml
[9.755s] Invoked command in '/home/dmitry/Documents/lab_first_sem/ws_supervised/build/move_to_point_server' returned '0': CMAKE_PREFIX_PATH=${CMAKE_PREFIX_PATH}:/opt/ros/humble /usr/bin/cmake --install /home/dmitry/Documents/lab_first_sem/ws_supervised/build/move_to_point_server
