-- The C compiler identification is GNU 11.4.0
-- The CXX compiler identification is GNU 11.4.0
-- Detecting C compiler ABI info
-- Detecting C compiler ABI info - done
-- Check for working C compiler: /usr/bin/cc - skipped
-- Detecting C compile features
-- Detecting C compile features - done
-- Detecting CXX compiler ABI info
-- Detecting CXX compiler ABI info - done
-- Check for working CXX compiler: /usr/bin/c++ - skipped
-- Detecting CXX compile features
-- Detecting CXX compile features - done
-- Found ament_cmake: 1.3.13 (/opt/ros/humble/share/ament_cmake/cmake)
-- Found Python3: /usr/bin/python3 (found version "3.10.12") found components: Interpreter 
-- Found rosidl_default_generators: 1.2.0 (/opt/ros/humble/share/rosidl_default_generators/cmake)
-- Using all available rosidl_typesupport_c: rosidl_typesupport_fastrtps_c;rosidl_typesupport_introspection_c
-- Found rosidl_adapter: 3.1.8 (/opt/ros/humble/share/rosidl_adapter/cmake)
-- Using all available rosidl_typesupport_cpp: rosidl_typesupport_fastrtps_cpp;rosidl_typesupport_introspection_cpp
-- Found geometry_msgs: 4.9.1 (/opt/ros/humble/share/geometry_msgs/cmake)
-- Found ament_lint_auto: 0.12.15 (/opt/ros/humble/share/ament_lint_auto/cmake)
-- Found ament_cmake_ros: 0.10.0 (/opt/ros/humble/share/ament_cmake_ros/cmake)
-- Using all available rosidl_typesupport_c: rosidl_typesupport_fastrtps_c;rosidl_typesupport_introspection_c
-- Using all available rosidl_typesupport_cpp: rosidl_typesupport_fastrtps_cpp;rosidl_typesupport_introspection_cpp
-- Found PythonInterp: /usr/bin/python3 (found suitable version "3.10.12", minimum required is "3.6") 
-- Found python_cmake_module: 0.10.0 (/opt/ros/humble/share/python_cmake_module/cmake)
-- Found PythonLibs: /usr/lib/x86_64-linux-gnu/libpython3.10.so (found suitable version "3.10.12", minimum required is "3.5") 
-- Using PYTHON_EXECUTABLE: /usr/bin/python3
-- Using PYTHON_INCLUDE_DIRS: /usr/include/python3.10
-- Using PYTHON_LIBRARIES: /usr/lib/x86_64-linux-gnu/libpython3.10.so
-- Found PythonExtra: .so  
-- Added test 'lint_cmake' to check CMake code style
-- Added test 'xmllint' to check XML markup files
-- Configuring done
-- Generating done
-- Build files have been written to: /home/dmitry/Documents/lab_first_sem/ws_supervised/build/move_to_point_action
[  3%] Generating C code for ROS interfaces
[  6%] Generating C++ code for ROS interfaces
[  6%] Built target ament_cmake_python_copy_move_to_point_action
running egg_info
creating move_to_point_action.egg-info
writing move_to_point_action.egg-info/PKG-INFO
writing dependency_links to move_to_point_action.egg-info/dependency_links.txt
writing top-level names to move_to_point_action.egg-info/top_level.txt
writing manifest file 'move_to_point_action.egg-info/SOURCES.txt'
reading manifest file 'move_to_point_action.egg-info/SOURCES.txt'
writing manifest file 'move_to_point_action.egg-info/SOURCES.txt'
[  6%] Built target ament_cmake_python_build_move_to_point_action_egg
[  6%] Built target move_to_point_action__cpp
[  9%] Generating C++ type support dispatch for ROS interfaces
[ 12%] Generating C++ type support for eProsima Fast-RTPS
[ 16%] Generating C++ introspection for ROS interfaces
[ 19%] Building C object CMakeFiles/move_to_point_action__rosidl_generator_c.dir/rosidl_generator_c/move_to_point_action/action/detail/move_to_point__functions.c.o
[ 22%] Linking C shared library libmove_to_point_action__rosidl_generator_c.so
[ 22%] Built target move_to_point_action__rosidl_generator_c
[ 29%] Generating C introspection for ROS interfaces
[ 29%] Generating C type support dispatch for ROS interfaces
[ 32%] Generating C type support for eProsima Fast-RTPS
[ 35%] Building CXX object CMakeFiles/move_to_point_action__rosidl_typesupport_cpp.dir/rosidl_typesupport_cpp/move_to_point_action/action/move_to_point__type_support.cpp.o
[ 38%] Building CXX object CMakeFiles/move_to_point_action__rosidl_typesupport_introspection_cpp.dir/rosidl_typesupport_introspection_cpp/move_to_point_action/action/detail/move_to_point__type_support.cpp.o
[ 41%] Building CXX object CMakeFiles/move_to_point_action__rosidl_typesupport_fastrtps_cpp.dir/rosidl_typesupport_fastrtps_cpp/move_to_point_action/action/detail/dds_fastrtps/move_to_point__type_support.cpp.o
[ 45%] Building CXX object CMakeFiles/move_to_point_action__rosidl_typesupport_c.dir/rosidl_typesupport_c/move_to_point_action/action/move_to_point__type_support.cpp.o
[ 48%] Linking CXX shared library libmove_to_point_action__rosidl_typesupport_c.so
[ 51%] Building CXX object CMakeFiles/move_to_point_action__rosidl_typesupport_fastrtps_c.dir/rosidl_typesupport_fastrtps_c/move_to_point_action/action/detail/move_to_point__type_support_c.cpp.o
[ 51%] Built target move_to_point_action__rosidl_typesupport_c
[ 54%] Linking CXX shared library libmove_to_point_action__rosidl_typesupport_cpp.so
[ 54%] Built target move_to_point_action__rosidl_typesupport_cpp
[ 58%] Building C object CMakeFiles/move_to_point_action__rosidl_typesupport_introspection_c.dir/rosidl_typesupport_introspection_c/move_to_point_action/action/detail/move_to_point__type_support.c.o
[ 61%] Linking C shared library libmove_to_point_action__rosidl_typesupport_introspection_c.so
[ 61%] Built target move_to_point_action__rosidl_typesupport_introspection_c
[ 64%] Linking CXX shared library libmove_to_point_action__rosidl_typesupport_fastrtps_cpp.so
[ 64%] Built target move_to_point_action__rosidl_typesupport_fastrtps_cpp
[ 67%] Linking CXX shared library libmove_to_point_action__rosidl_typesupport_introspection_cpp.so
[ 70%] Linking CXX shared library libmove_to_point_action__rosidl_typesupport_fastrtps_c.so
[ 70%] Built target move_to_point_action__rosidl_typesupport_introspection_cpp
[ 70%] Built target move_to_point_action__rosidl_typesupport_fastrtps_c
[ 70%] Built target move_to_point_action
[ 74%] Generating Python code for ROS interfaces
[ 74%] Built target move_to_point_action__py
[ 77%] Building C object CMakeFiles/move_to_point_action__rosidl_generator_py.dir/rosidl_generator_py/move_to_point_action/action/_move_to_point_s.c.o
[ 80%] Linking C shared library rosidl_generator_py/move_to_point_action/libmove_to_point_action__rosidl_generator_py.so
[ 80%] Built target move_to_point_action__rosidl_generator_py
[ 83%] Building C object CMakeFiles/move_to_point_action__rosidl_typesupport_c__pyext.dir/rosidl_generator_py/move_to_point_action/_move_to_point_action_s.ep.rosidl_typesupport_c.c.o
[ 90%] Building C object CMakeFiles/move_to_point_action__rosidl_typesupport_introspection_c__pyext.dir/rosidl_generator_py/move_to_point_action/_move_to_point_action_s.ep.rosidl_typesupport_introspection_c.c.o
[ 90%] Building C object CMakeFiles/move_to_point_action__rosidl_typesupport_fastrtps_c__pyext.dir/rosidl_generator_py/move_to_point_action/_move_to_point_action_s.ep.rosidl_typesupport_fastrtps_c.c.o
[ 93%] Linking C shared library rosidl_generator_py/move_to_point_action/move_to_point_action_s__rosidl_typesupport_c.cpython-310-x86_64-linux-gnu.so
[ 96%] Linking C shared library rosidl_generator_py/move_to_point_action/move_to_point_action_s__rosidl_typesupport_introspection_c.cpython-310-x86_64-linux-gnu.so
[ 96%] Built target move_to_point_action__rosidl_typesupport_c__pyext
[100%] Linking C shared library rosidl_generator_py/move_to_point_action/move_to_point_action_s__rosidl_typesupport_fastrtps_c.cpython-310-x86_64-linux-gnu.so
[100%] Built target move_to_point_action__rosidl_typesupport_introspection_c__pyext
[100%] Built target move_to_point_action__rosidl_typesupport_fastrtps_c__pyext
-- Install configuration: "Debug"
-- Installing: /home/dmitry/Documents/lab_first_sem/ws_supervised/install/move_to_point_action/share/ament_index/resource_index/rosidl_interfaces/move_to_point_action
-- Up-to-date: /home/dmitry/Documents/lab_first_sem/ws_supervised/install/move_to_point_action/include/move_to_point_action/move_to_point_action
-- Up-to-date: /home/dmitry/Documents/lab_first_sem/ws_supervised/install/move_to_point_action/include/move_to_point_action/move_to_point_action/action
-- Up-to-date: /home/dmitry/Documents/lab_first_sem/ws_supervised/install/move_to_point_action/include/move_to_point_action/move_to_point_action/action/detail
-- Installing: /home/dmitry/Documents/lab_first_sem/ws_supervised/install/move_to_point_action/include/move_to_point_action/move_to_point_action/action/detail/move_to_point__struct.h
-- Installing: /home/dmitry/Documents/lab_first_sem/ws_supervised/install/move_to_point_action/include/move_to_point_action/move_to_point_action/action/detail/move_to_point__functions.c
-- Installing: /home/dmitry/Documents/lab_first_sem/ws_supervised/install/move_to_point_action/include/move_to_point_action/move_to_point_action/action/detail/move_to_point__type_support.h
-- Installing: /home/dmitry/Documents/lab_first_sem/ws_supervised/install/move_to_point_action/include/move_to_point_action/move_to_point_action/action/detail/move_to_point__functions.h
-- Installing: /home/dmitry/Documents/lab_first_sem/ws_supervised/install/move_to_point_action/include/move_to_point_action/move_to_point_action/action/move_to_point.h
-- Up-to-date: /home/dmitry/Documents/lab_first_sem/ws_supervised/install/move_to_point_action/include/move_to_point_action/move_to_point_action/msg
-- Installing: /home/dmitry/Documents/lab_first_sem/ws_supervised/install/move_to_point_action/include/move_to_point_action/move_to_point_action/msg/rosidl_generator_c__visibility_control.h
-- Installing: /home/dmitry/Documents/lab_first_sem/ws_supervised/install/move_to_point_action/share/move_to_point_action/environment/library_path.sh
-- Installing: /home/dmitry/Documents/lab_first_sem/ws_supervised/install/move_to_point_action/share/move_to_point_action/environment/library_path.dsv
-- Installing: /home/dmitry/Documents/lab_first_sem/ws_supervised/install/move_to_point_action/lib/libmove_to_point_action__rosidl_generator_c.so
-- Set runtime path of "/home/dmitry/Documents/lab_first_sem/ws_supervised/install/move_to_point_action/lib/libmove_to_point_action__rosidl_generator_c.so" to ""
-- Up-to-date: /home/dmitry/Documents/lab_first_sem/ws_supervised/install/move_to_point_action/include/move_to_point_action/move_to_point_action
-- Up-to-date: /home/dmitry/Documents/lab_first_sem/ws_supervised/install/move_to_point_action/include/move_to_point_action/move_to_point_action/action
-- Up-to-date: /home/dmitry/Documents/lab_first_sem/ws_supervised/install/move_to_point_action/include/move_to_point_action/move_to_point_action/action/detail
-- Installing: /home/dmitry/Documents/lab_first_sem/ws_supervised/install/move_to_point_action/include/move_to_point_action/move_to_point_action/action/detail/move_to_point__rosidl_typesupport_fastrtps_c.h
-- Up-to-date: /home/dmitry/Documents/lab_first_sem/ws_supervised/install/move_to_point_action/include/move_to_point_action/move_to_point_action/msg
-- Installing: /home/dmitry/Documents/lab_first_sem/ws_supervised/install/move_to_point_action/include/move_to_point_action/move_to_point_action/msg/rosidl_typesupport_fastrtps_c__visibility_control.h
-- Installing: /home/dmitry/Documents/lab_first_sem/ws_supervised/install/move_to_point_action/lib/libmove_to_point_action__rosidl_typesupport_fastrtps_c.so
-- Set runtime path of "/home/dmitry/Documents/lab_first_sem/ws_supervised/install/move_to_point_action/lib/libmove_to_point_action__rosidl_typesupport_fastrtps_c.so" to ""
-- Up-to-date: /home/dmitry/Documents/lab_first_sem/ws_supervised/install/move_to_point_action/include/move_to_point_action/move_to_point_action
-- Up-to-date: /home/dmitry/Documents/lab_first_sem/ws_supervised/install/move_to_point_action/include/move_to_point_action/move_to_point_action/action
-- Up-to-date: /home/dmitry/Documents/lab_first_sem/ws_supervised/install/move_to_point_action/include/move_to_point_action/move_to_point_action/action/detail
-- Installing: /home/dmitry/Documents/lab_first_sem/ws_supervised/install/move_to_point_action/include/move_to_point_action/move_to_point_action/action/detail/move_to_point__rosidl_typesupport_introspection_c.h
-- Installing: /home/dmitry/Documents/lab_first_sem/ws_supervised/install/move_to_point_action/include/move_to_point_action/move_to_point_action/action/detail/move_to_point__type_support.c
-- Up-to-date: /home/dmitry/Documents/lab_first_sem/ws_supervised/install/move_to_point_action/include/move_to_point_action/move_to_point_action/msg
-- Installing: /home/dmitry/Documents/lab_first_sem/ws_supervised/install/move_to_point_action/include/move_to_point_action/move_to_point_action/msg/rosidl_typesupport_introspection_c__visibility_control.h
-- Installing: /home/dmitry/Documents/lab_first_sem/ws_supervised/install/move_to_point_action/lib/libmove_to_point_action__rosidl_typesupport_introspection_c.so
-- Set runtime path of "/home/dmitry/Documents/lab_first_sem/ws_supervised/install/move_to_point_action/lib/libmove_to_point_action__rosidl_typesupport_introspection_c.so" to ""
-- Installing: /home/dmitry/Documents/lab_first_sem/ws_supervised/install/move_to_point_action/lib/libmove_to_point_action__rosidl_typesupport_c.so
-- Set runtime path of "/home/dmitry/Documents/lab_first_sem/ws_supervised/install/move_to_point_action/lib/libmove_to_point_action__rosidl_typesupport_c.so" to ""
-- Up-to-date: /home/dmitry/Documents/lab_first_sem/ws_supervised/install/move_to_point_action/include/move_to_point_action/move_to_point_action
-- Up-to-date: /home/dmitry/Documents/lab_first_sem/ws_supervised/install/move_to_point_action/include/move_to_point_action/move_to_point_action/action
-- Up-to-date: /home/dmitry/Documents/lab_first_sem/ws_supervised/install/move_to_point_action/include/move_to_point_action/move_to_point_action/action/detail
-- Installing: /home/dmitry/Documents/lab_first_sem/ws_supervised/install/move_to_point_action/include/move_to_point_action/move_to_point_action/action/detail/move_to_point__traits.hpp
-- Installing: /home/dmitry/Documents/lab_first_sem/ws_supervised/install/move_to_point_action/include/move_to_point_action/move_to_point_action/action/detail/move_to_point__struct.hpp
-- Installing: /home/dmitry/Documents/lab_first_sem/ws_supervised/install/move_to_point_action/include/move_to_point_action/move_to_point_action/action/detail/move_to_point__builder.hpp
-- Installing: /home/dmitry/Documents/lab_first_sem/ws_supervised/install/move_to_point_action/include/move_to_point_action/move_to_point_action/action/detail/move_to_point__type_support.hpp
-- Installing: /home/dmitry/Documents/lab_first_sem/ws_supervised/install/move_to_point_action/include/move_to_point_action/move_to_point_action/action/move_to_point.hpp
-- Up-to-date: /home/dmitry/Documents/lab_first_sem/ws_supervised/install/move_to_point_action/include/move_to_point_action/move_to_point_action/msg
-- Installing: /home/dmitry/Documents/lab_first_sem/ws_supervised/install/move_to_point_action/include/move_to_point_action/move_to_point_action/msg/rosidl_generator_cpp__visibility_control.hpp
-- Up-to-date: /home/dmitry/Documents/lab_first_sem/ws_supervised/install/move_to_point_action/include/move_to_point_action/move_to_point_action
-- Up-to-date: /home/dmitry/Documents/lab_first_sem/ws_supervised/install/move_to_point_action/include/move_to_point_action/move_to_point_action/action
-- Up-to-date: /home/dmitry/Documents/lab_first_sem/ws_supervised/install/move_to_point_action/include/move_to_point_action/move_to_point_action/action/detail
-- Up-to-date: /home/dmitry/Documents/lab_first_sem/ws_supervised/install/move_to_point_action/include/move_to_point_action/move_to_point_action/action/detail/dds_fastrtps
-- Installing: /home/dmitry/Documents/lab_first_sem/ws_supervised/install/move_to_point_action/include/move_to_point_action/move_to_point_action/action/detail/move_to_point__rosidl_typesupport_fastrtps_cpp.hpp
-- Up-to-date: /home/dmitry/Documents/lab_first_sem/ws_supervised/install/move_to_point_action/include/move_to_point_action/move_to_point_action/msg
-- Installing: /home/dmitry/Documents/lab_first_sem/ws_supervised/install/move_to_point_action/include/move_to_point_action/move_to_point_action/msg/rosidl_typesupport_fastrtps_cpp__visibility_control.h
-- Installing: /home/dmitry/Documents/lab_first_sem/ws_supervised/install/move_to_point_action/lib/libmove_to_point_action__rosidl_typesupport_fastrtps_cpp.so
-- Set runtime path of "/home/dmitry/Documents/lab_first_sem/ws_supervised/install/move_to_point_action/lib/libmove_to_point_action__rosidl_typesupport_fastrtps_cpp.so" to ""
-- Up-to-date: /home/dmitry/Documents/lab_first_sem/ws_supervised/install/move_to_point_action/include/move_to_point_action/move_to_point_action
-- Up-to-date: /home/dmitry/Documents/lab_first_sem/ws_supervised/install/move_to_point_action/include/move_to_point_action/move_to_point_action/action
-- Up-to-date: /home/dmitry/Documents/lab_first_sem/ws_supervised/install/move_to_point_action/include/move_to_point_action/move_to_point_action/action/detail
-- Installing: /home/dmitry/Documents/lab_first_sem/ws_supervised/install/move_to_point_action/include/move_to_point_action/move_to_point_action/action/detail/move_to_point__type_support.cpp
-- Installing: /home/dmitry/Documents/lab_first_sem/ws_supervised/install/move_to_point_action/include/move_to_point_action/move_to_point_action/action/detail/move_to_point__rosidl_typesupport_introspection_cpp.hpp
-- Installing: /home/dmitry/Documents/lab_first_sem/ws_supervised/install/move_to_point_action/lib/libmove_to_point_action__rosidl_typesupport_introspection_cpp.so
-- Set runtime path of "/home/dmitry/Documents/lab_first_sem/ws_supervised/install/move_to_point_action/lib/libmove_to_point_action__rosidl_typesupport_introspection_cpp.so" to ""
-- Installing: /home/dmitry/Documents/lab_first_sem/ws_supervised/install/move_to_point_action/lib/libmove_to_point_action__rosidl_typesupport_cpp.so
-- Set runtime path of "/home/dmitry/Documents/lab_first_sem/ws_supervised/install/move_to_point_action/lib/libmove_to_point_action__rosidl_typesupport_cpp.so" to ""
-- Installing: /home/dmitry/Documents/lab_first_sem/ws_supervised/install/move_to_point_action/share/move_to_point_action/environment/pythonpath.sh
-- Installing: /home/dmitry/Documents/lab_first_sem/ws_supervised/install/move_to_point_action/share/move_to_point_action/environment/pythonpath.dsv
-- Up-to-date: /home/dmitry/Documents/lab_first_sem/ws_supervised/install/move_to_point_action/local/lib/python3.10/dist-packages/move_to_point_action-0.0.0-py3.10.egg-info
-- Installing: /home/dmitry/Documents/lab_first_sem/ws_supervised/install/move_to_point_action/local/lib/python3.10/dist-packages/move_to_point_action-0.0.0-py3.10.egg-info/SOURCES.txt
-- Installing: /home/dmitry/Documents/lab_first_sem/ws_supervised/install/move_to_point_action/local/lib/python3.10/dist-packages/move_to_point_action-0.0.0-py3.10.egg-info/top_level.txt
-- Installing: /home/dmitry/Documents/lab_first_sem/ws_supervised/install/move_to_point_action/local/lib/python3.10/dist-packages/move_to_point_action-0.0.0-py3.10.egg-info/PKG-INFO
-- Installing: /home/dmitry/Documents/lab_first_sem/ws_supervised/install/move_to_point_action/local/lib/python3.10/dist-packages/move_to_point_action-0.0.0-py3.10.egg-info/dependency_links.txt
-- Up-to-date: /home/dmitry/Documents/lab_first_sem/ws_supervised/install/move_to_point_action/local/lib/python3.10/dist-packages/move_to_point_action
-- Installing: /home/dmitry/Documents/lab_first_sem/ws_supervised/install/move_to_point_action/local/lib/python3.10/dist-packages/move_to_point_action/libmove_to_point_action__rosidl_generator_py.so
-- Installing: /home/dmitry/Documents/lab_first_sem/ws_supervised/install/move_to_point_action/local/lib/python3.10/dist-packages/move_to_point_action/__init__.py
-- Installing: /home/dmitry/Documents/lab_first_sem/ws_supervised/install/move_to_point_action/local/lib/python3.10/dist-packages/move_to_point_action/_move_to_point_action_s.ep.rosidl_typesupport_fastrtps_c.c
-- Up-to-date: /home/dmitry/Documents/lab_first_sem/ws_supervised/install/move_to_point_action/local/lib/python3.10/dist-packages/move_to_point_action/action
-- Installing: /home/dmitry/Documents/lab_first_sem/ws_supervised/install/move_to_point_action/local/lib/python3.10/dist-packages/move_to_point_action/action/__init__.py
-- Installing: /home/dmitry/Documents/lab_first_sem/ws_supervised/install/move_to_point_action/local/lib/python3.10/dist-packages/move_to_point_action/action/_move_to_point.py
-- Installing: /home/dmitry/Documents/lab_first_sem/ws_supervised/install/move_to_point_action/local/lib/python3.10/dist-packages/move_to_point_action/action/_move_to_point_s.c
-- Installing: /home/dmitry/Documents/lab_first_sem/ws_supervised/install/move_to_point_action/local/lib/python3.10/dist-packages/move_to_point_action/move_to_point_action_s__rosidl_typesupport_fastrtps_c.cpython-310-x86_64-linux-gnu.so
-- Installing: /home/dmitry/Documents/lab_first_sem/ws_supervised/install/move_to_point_action/local/lib/python3.10/dist-packages/move_to_point_action/move_to_point_action_s__rosidl_typesupport_introspection_c.cpython-310-x86_64-linux-gnu.so
-- Installing: /home/dmitry/Documents/lab_first_sem/ws_supervised/install/move_to_point_action/local/lib/python3.10/dist-packages/move_to_point_action/move_to_point_action_s__rosidl_typesupport_c.cpython-310-x86_64-linux-gnu.so
-- Installing: /home/dmitry/Documents/lab_first_sem/ws_supervised/install/move_to_point_action/local/lib/python3.10/dist-packages/move_to_point_action/_move_to_point_action_s.ep.rosidl_typesupport_c.c
-- Installing: /home/dmitry/Documents/lab_first_sem/ws_supervised/install/move_to_point_action/local/lib/python3.10/dist-packages/move_to_point_action/_move_to_point_action_s.ep.rosidl_typesupport_introspection_c.c
Listing '/home/dmitry/Documents/lab_first_sem/ws_supervised/install/move_to_point_action/local/lib/python3.10/dist-packages/move_to_point_action'...
Compiling '/home/dmitry/Documents/lab_first_sem/ws_supervised/install/move_to_point_action/local/lib/python3.10/dist-packages/move_to_point_action/__init__.py'...
Listing '/home/dmitry/Documents/lab_first_sem/ws_supervised/install/move_to_point_action/local/lib/python3.10/dist-packages/move_to_point_action/action'...
Compiling '/home/dmitry/Documents/lab_first_sem/ws_supervised/install/move_to_point_action/local/lib/python3.10/dist-packages/move_to_point_action/action/__init__.py'...
Compiling '/home/dmitry/Documents/lab_first_sem/ws_supervised/install/move_to_point_action/local/lib/python3.10/dist-packages/move_to_point_action/action/_move_to_point.py'...
-- Installing: /home/dmitry/Documents/lab_first_sem/ws_supervised/install/move_to_point_action/local/lib/python3.10/dist-packages/move_to_point_action/move_to_point_action_s__rosidl_typesupport_fastrtps_c.cpython-310-x86_64-linux-gnu.so
-- Set runtime path of "/home/dmitry/Documents/lab_first_sem/ws_supervised/install/move_to_point_action/local/lib/python3.10/dist-packages/move_to_point_action/move_to_point_action_s__rosidl_typesupport_fastrtps_c.cpython-310-x86_64-linux-gnu.so" to ""
-- Installing: /home/dmitry/Documents/lab_first_sem/ws_supervised/install/move_to_point_action/local/lib/python3.10/dist-packages/move_to_point_action/move_to_point_action_s__rosidl_typesupport_introspection_c.cpython-310-x86_64-linux-gnu.so
-- Set runtime path of "/home/dmitry/Documents/lab_first_sem/ws_supervised/install/move_to_point_action/local/lib/python3.10/dist-packages/move_to_point_action/move_to_point_action_s__rosidl_typesupport_introspection_c.cpython-310-x86_64-linux-gnu.so" to ""
-- Installing: /home/dmitry/Documents/lab_first_sem/ws_supervised/install/move_to_point_action/local/lib/python3.10/dist-packages/move_to_point_action/move_to_point_action_s__rosidl_typesupport_c.cpython-310-x86_64-linux-gnu.so
-- Set runtime path of "/home/dmitry/Documents/lab_first_sem/ws_supervised/install/move_to_point_action/local/lib/python3.10/dist-packages/move_to_point_action/move_to_point_action_s__rosidl_typesupport_c.cpython-310-x86_64-linux-gnu.so" to ""
-- Installing: /home/dmitry/Documents/lab_first_sem/ws_supervised/install/move_to_point_action/lib/libmove_to_point_action__rosidl_generator_py.so
-- Set runtime path of "/home/dmitry/Documents/lab_first_sem/ws_supervised/install/move_to_point_action/lib/libmove_to_point_action__rosidl_generator_py.so" to ""
-- Installing: /home/dmitry/Documents/lab_first_sem/ws_supervised/install/move_to_point_action/share/move_to_point_action/action/MoveToPoint.idl
-- Up-to-date: /home/dmitry/Documents/lab_first_sem/ws_supervised/install/move_to_point_action/share/move_to_point_action/action/MoveToPoint.action
-- Installing: /home/dmitry/Documents/lab_first_sem/ws_supervised/install/move_to_point_action/share/ament_index/resource_index/package_run_dependencies/move_to_point_action
-- Installing: /home/dmitry/Documents/lab_first_sem/ws_supervised/install/move_to_point_action/share/ament_index/resource_index/parent_prefix_path/move_to_point_action
-- Installing: /home/dmitry/Documents/lab_first_sem/ws_supervised/install/move_to_point_action/share/move_to_point_action/environment/ament_prefix_path.sh
-- Installing: /home/dmitry/Documents/lab_first_sem/ws_supervised/install/move_to_point_action/share/move_to_point_action/environment/ament_prefix_path.dsv
-- Installing: /home/dmitry/Documents/lab_first_sem/ws_supervised/install/move_to_point_action/share/move_to_point_action/environment/path.sh
-- Installing: /home/dmitry/Documents/lab_first_sem/ws_supervised/install/move_to_point_action/share/move_to_point_action/environment/path.dsv
-- Installing: /home/dmitry/Documents/lab_first_sem/ws_supervised/install/move_to_point_action/share/move_to_point_action/local_setup.bash
-- Installing: /home/dmitry/Documents/lab_first_sem/ws_supervised/install/move_to_point_action/share/move_to_point_action/local_setup.sh
-- Installing: /home/dmitry/Documents/lab_first_sem/ws_supervised/install/move_to_point_action/share/move_to_point_action/local_setup.zsh
-- Installing: /home/dmitry/Documents/lab_first_sem/ws_supervised/install/move_to_point_action/share/move_to_point_action/local_setup.dsv
-- Installing: /home/dmitry/Documents/lab_first_sem/ws_supervised/install/move_to_point_action/share/move_to_point_action/package.dsv
-- Installing: /home/dmitry/Documents/lab_first_sem/ws_supervised/install/move_to_point_action/share/ament_index/resource_index/packages/move_to_point_action
-- Installing: /home/dmitry/Documents/lab_first_sem/ws_supervised/install/move_to_point_action/share/move_to_point_action/cmake/export_move_to_point_action__rosidl_generator_cExport.cmake
-- Installing: /home/dmitry/Documents/lab_first_sem/ws_supervised/install/move_to_point_action/share/move_to_point_action/cmake/export_move_to_point_action__rosidl_generator_cExport-debug.cmake
-- Installing: /home/dmitry/Documents/lab_first_sem/ws_supervised/install/move_to_point_action/share/move_to_point_action/cmake/export_move_to_point_action__rosidl_typesupport_fastrtps_cExport.cmake
-- Installing: /home/dmitry/Documents/lab_first_sem/ws_supervised/install/move_to_point_action/share/move_to_point_action/cmake/export_move_to_point_action__rosidl_typesupport_fastrtps_cExport-debug.cmake
-- Installing: /home/dmitry/Documents/lab_first_sem/ws_supervised/install/move_to_point_action/share/move_to_point_action/cmake/move_to_point_action__rosidl_typesupport_introspection_cExport.cmake
-- Installing: /home/dmitry/Documents/lab_first_sem/ws_supervised/install/move_to_point_action/share/move_to_point_action/cmake/move_to_point_action__rosidl_typesupport_introspection_cExport-debug.cmake
-- Installing: /home/dmitry/Documents/lab_first_sem/ws_supervised/install/move_to_point_action/share/move_to_point_action/cmake/move_to_point_action__rosidl_typesupport_cExport.cmake
-- Installing: /home/dmitry/Documents/lab_first_sem/ws_supervised/install/move_to_point_action/share/move_to_point_action/cmake/move_to_point_action__rosidl_typesupport_cExport-debug.cmake
-- Installing: /home/dmitry/Documents/lab_first_sem/ws_supervised/install/move_to_point_action/share/move_to_point_action/cmake/export_move_to_point_action__rosidl_generator_cppExport.cmake
-- Installing: /home/dmitry/Documents/lab_first_sem/ws_supervised/install/move_to_point_action/share/move_to_point_action/cmake/export_move_to_point_action__rosidl_typesupport_fastrtps_cppExport.cmake
-- Installing: /home/dmitry/Documents/lab_first_sem/ws_supervised/install/move_to_point_action/share/move_to_point_action/cmake/export_move_to_point_action__rosidl_typesupport_fastrtps_cppExport-debug.cmake
-- Installing: /home/dmitry/Documents/lab_first_sem/ws_supervised/install/move_to_point_action/share/move_to_point_action/cmake/move_to_point_action__rosidl_typesupport_introspection_cppExport.cmake
-- Installing: /home/dmitry/Documents/lab_first_sem/ws_supervised/install/move_to_point_action/share/move_to_point_action/cmake/move_to_point_action__rosidl_typesupport_introspection_cppExport-debug.cmake
-- Installing: /home/dmitry/Documents/lab_first_sem/ws_supervised/install/move_to_point_action/share/move_to_point_action/cmake/move_to_point_action__rosidl_typesupport_cppExport.cmake
-- Installing: /home/dmitry/Documents/lab_first_sem/ws_supervised/install/move_to_point_action/share/move_to_point_action/cmake/move_to_point_action__rosidl_typesupport_cppExport-debug.cmake
-- Installing: /home/dmitry/Documents/lab_first_sem/ws_supervised/install/move_to_point_action/share/move_to_point_action/cmake/export_move_to_point_action__rosidl_generator_pyExport.cmake
-- Installing: /home/dmitry/Documents/lab_first_sem/ws_supervised/install/move_to_point_action/share/move_to_point_action/cmake/export_move_to_point_action__rosidl_generator_pyExport-debug.cmake
-- Installing: /home/dmitry/Documents/lab_first_sem/ws_supervised/install/move_to_point_action/share/move_to_point_action/cmake/rosidl_cmake-extras.cmake
-- Installing: /home/dmitry/Documents/lab_first_sem/ws_supervised/install/move_to_point_action/share/move_to_point_action/cmake/ament_cmake_export_dependencies-extras.cmake
-- Installing: /home/dmitry/Documents/lab_first_sem/ws_supervised/install/move_to_point_action/share/move_to_point_action/cmake/ament_cmake_export_include_directories-extras.cmake
-- Installing: /home/dmitry/Documents/lab_first_sem/ws_supervised/install/move_to_point_action/share/move_to_point_action/cmake/ament_cmake_export_libraries-extras.cmake
-- Installing: /home/dmitry/Documents/lab_first_sem/ws_supervised/install/move_to_point_action/share/move_to_point_action/cmake/ament_cmake_export_targets-extras.cmake
-- Installing: /home/dmitry/Documents/lab_first_sem/ws_supervised/install/move_to_point_action/share/move_to_point_action/cmake/rosidl_cmake_export_typesupport_targets-extras.cmake
-- Installing: /home/dmitry/Documents/lab_first_sem/ws_supervised/install/move_to_point_action/share/move_to_point_action/cmake/rosidl_cmake_export_typesupport_libraries-extras.cmake
-- Installing: /home/dmitry/Documents/lab_first_sem/ws_supervised/install/move_to_point_action/share/move_to_point_action/cmake/move_to_point_actionConfig.cmake
-- Installing: /home/dmitry/Documents/lab_first_sem/ws_supervised/install/move_to_point_action/share/move_to_point_action/cmake/move_to_point_actionConfig-version.cmake
-- Up-to-date: /home/dmitry/Documents/lab_first_sem/ws_supervised/install/move_to_point_action/share/move_to_point_action/package.xml
